// Vitest Snapshot v1, https://vitest.dev/guide/snapshot.html

exports[`chainTranslate > should create a payload with system and user messages for translation 1`] = `
{
  "messages": [
    {
      "content": "You are a professional translator. Translate the input text to zh-CN.

Rules:
- Output ONLY the translated text, no explanations or additional context
- Preserve technical terms, code identifiers, API keys, and proper nouns exactly as they appear
- Maintain the original formatting and structure
- Use natural, idiomatic expressions in the target language",
      "role": "system",
    },
    {
      "content": "This is a test sentence.",
      "role": "user",
    },
  ],
}
`;
